// Jest Snapshot v1, https://goo.gl/fbAQLP

exports[`renders correctly 1`] = `
<View>
  <Text
    accessible={true}
    allowFontScaling={true}
    ellipsizeMode="tail"
  />
  <View
    style={
      Object {
        "flex": 1,
      }
    }
  >
    <View
      style={
        Object {
          "flex": 1,
        }
      }
    >
      <RCTWebView
        messagingEnabled={false}
        onLoadingError={[Function]}
        onLoadingFinish={[Function]}
        onLoadingStart={[Function]}
        onMessage={[Function]}
        scalesPageToFit={true}
        source={
          Object {
            "uri": undefined,
          }
        }
        style={
          Array [
            Object {
              "flex": 1,
            },
            Object {
              "backgroundColor": "#ffffff",
            },
            undefined,
          ]
        }
      />
    </View>
  </View>
  <View>
    <Text
      accessible={true}
      allowFontScaling={true}
      ellipsizeMode="tail"
    />
    <Text
      accessible={true}
      allowFontScaling={true}
      ellipsizeMode="tail"
    >
      by 
    </Text>
    <Text
      accessible={true}
      allowFontScaling={true}
      ellipsizeMode="tail"
    />
    <Text
      accessible={true}
      allowFontScaling={true}
      ellipsizeMode="tail"
    >
      Source: 
    </Text>
  </View>
</View>
`;
