// Jest Snapshot v1, https://goo.gl/fbAQLP

exports[`render correctly 1`] = `
<View
  style={
    Object {
      "flex": 1,
    }
  }
>
  <View
    style={
      Object {
        "alignItems": "center",
        "justifyContent": "center",
      }
    }
  >
    <Image
      source={
        Object {
          "uri": "https://user-images.githubusercontent.com/18129905/35187343-734d21b4-fdf0-11e7-8799-761570dea412.png",
        }
      }
      style={
        Object {
          "height": 200,
          "marginBottom": 20,
          "marginTop": 75,
          "width": 200,
        }
      }
    />
  </View>
  <View>
    <TextInput
      allowFontScaling={true}
      onChangeText={[Function]}
      placeholder="name"
      style={
        Object {
          "marginBottom": 15,
          "marginTop": 15,
        }
      }
    />
    <TextInput
      allowFontScaling={true}
      onChangeText={[Function]}
      placeholder="email"
      style={
        Object {
          "marginBottom": 15,
          "marginTop": 15,
        }
      }
    />
    <TextInput
      allowFontScaling={true}
      onChangeText={[Function]}
      placeholder="password"
      secureTextEntry={true}
      style={
        Object {
          "marginBottom": 15,
          "marginTop": 15,
        }
      }
    />
    <TextInput
      allowFontScaling={true}
      onChangeText={[Function]}
      placeholder="phone number (optional)"
      style={
        Object {
          "marginBottom": 15,
          "marginTop": 15,
        }
      }
    />
    <View
      accessibilityComponentType="button"
      accessibilityTraits={
        Array [
          "button",
        ]
      }
      accessible={true}
      isTVSelectable={true}
      onResponderGrant={[Function]}
      onResponderMove={[Function]}
      onResponderRelease={[Function]}
      onResponderTerminate={[Function]}
      onResponderTerminationRequest={[Function]}
      onStartShouldSetResponder={[Function]}
      style={
        Object {
          "opacity": 1,
        }
      }
    >
      <View
        style={
          Array [
            Object {},
          ]
        }
      >
        <Text
          accessible={true}
          allowFontScaling={true}
          ellipsizeMode="tail"
          style={
            Array [
              Object {
                "color": "#007AFF",
                "fontSize": 18,
                "padding": 8,
                "textAlign": "center",
              },
            ]
          }
        >
          Register
        </Text>
      </View>
    </View>
  </View>
</View>
`;
