// Jest Snapshot v1, https://goo.gl/fbAQLP

exports[`<App /> it renders 1`] = `<NavigationContainer />`;
